
   OpenMP run-time library returned nthreads = 20

 dscf (c-19-411) : TURBOMOLE rev. V7.5.0 compiled 17 Jun 2020 at 09:15:30
 Copyright (C) 2020 TURBOMOLE GmbH, Karlsruhe


    2020-08-03 14:02:06.768 



                             d s c f - program

                   idea & directorship : reinhart ahlrichs
                   program development : marco haeser
                                         michael baer
                           dft version : oliver treutler


                          quantum chemistry group
                          universitaet  karlsruhe
                                  germany



   *-----------------------------------------------------------------------*
   |                     program will use 20 thread(s)                     |
   *-----------------------------------------------------------------------*


              +--------------------------------------------------+
              | Atomic coordinate, charge and isotop information |
              +--------------------------------------------------+

                    atomic coordinates            atom    charge  isotop
         -0.05522347   -0.57510791   -0.08341062    c      6.000     0
         -1.91611238    0.26574274   -0.28419591    h      1.000     0
         -0.11563234   -2.05311752    1.33858940    h      1.000     0
          1.28180879    0.86862396    0.49611925    h      1.000     0
          0.54060718   -1.36918784   -1.87914934    h      1.000     0
         -4.13903954   -4.98261240   -1.85515007    cl     0.000     0
         -6.60027365   -7.64093173   -2.92198173    cl     0.000     0
 
       center of nuclear mass  :   -4.38895253   -5.25315108   -1.96318196
       center of nuclear charge:   -0.05406695   -0.57385861   -0.08291003

              +--------------------------------------------------+
              |               basis set information              |
              +--------------------------------------------------+

              we will work with the 1s 3p 5d 7f 9g ... basis set
              ...i.e. with spherical basis functions...

   type   atoms  prim   cont   basis
   ---------------------------------------------------------------------------
    c        1     50     30   cc-pVTZ   [4s3p2d1f|18s5p2d1f]
    h        4     16     14   cc-pVTZ   [3s2p1d|5s2p1d]
    cl       2    111     39   cc-pV(T+d)Z   [5s4p3d1f|41s16p3d1f]
   ---------------------------------------------------------------------------
   total:    7    336    164
   ---------------------------------------------------------------------------

   total number of primitive shells          :   95
   total number of contracted shells         :   60
   total number of cartesian basis functions :  185
   total number of SCF-basis functions       :  164


 integral neglect threshold       :  0.18E-10
 integral storage threshold THIZE :  0.10E-04
 integral storage threshold THIME :         5


 DENSITY CONVERGENCE CHECK SWITCHED ON !
 SCF CONVERGENCE IF RMS(delta[D]) <     0.1000000000E-06


 symmetry group of the molecule :   c1 

 the group has the following generators :
   c1(z)

    1 symmetry operations found

 there are 1 real representations :   a   

 maximum number of shells which are related by symmetry :  1

  
           ------------------
           density functional
           ------------------
 Dummy atoms with grid-point found.
 DFT quadrature threshold dgrenze tightened by factor 1/10.

 PBE functional
 exchange:    LDA + PBE
 correlation: LDA (PW) + PBE
 Dummy atoms with grid-point found.
 DFT quadrature threshold dgrenze tightened by factor 1/10.

 Dummy atoms with grid-point found.
 DFT quadrature threshold dgrenze tightened by factor 1/10.


 spherical integration : Lebedev's spherical grid
 spherical gridsize    :                     5
    i.e. gridpoints    :                   590
 value for diffuse not defined
 radial integration    : Chebyshev 2nd kind (scaling 3)
 radial gridsize       :                     8
 integration cells     :                     7
 partition function    : becke
 partition sharpness   :                     3
  
 found dummy atom(s) with basis: included in dft

          ------------------------
          nuclear repulsion energy  :   13.4881558581    
          ------------------------


         -----------------
         -S,T+V- integrals
         -----------------

 1e-integrals will be neglected if expon. factor < 0.180647E-11
 
   Difference densities algorithm switched on.
   The maximal number of linear combinations of
   difference densities is                    20 .

 DIIS switched on: error vector is FDS-SDF
 Max. Iterations for DIIS is     :   4
 DIIS matrix (see manual) 
    Scaling factor of diagonals  :  1.200
    threshold for scaling factor :  0.000

 scf convergence criterion : increment of total energy < .1000000D-06
                  and increment of one-electron energy < .1000000D-03

 MOs are in ASCII format !


    mo occupation :
   irrep   mo's   occupied
    a      164        5
 
 number of basis functions   :   164
 number of occupied orbitals :     5
 

 reading orbital data $scfmo  from file mos
 orbital characterization : expanded
 virtual MOs provided and orthogonalized by Cholesky decomposition

 automatic virtual orbital shift switched on 
      shift if e(lumo)-e(homo) < 0.10000000    


 DSCF restart information will be dumped onto file mos

          Overall gridpoints after grid construction =        114746
 
                                              current damping :  0.300
 ITERATION  ENERGY          1e-ENERGY        2e-ENERGY     RMS[dD(SAO)]   TOL
   1  -40.282930747082    -78.200272251     24.429185646    0.000D+00 0.180D-10
                            Exc =    -6.519843247348     N = 10.000000519    
          max. resid. norm for Fia-block=  2.520D-01 for orbital      2a         
          max. resid. fock norm         =  4.436D+01 for orbital     69a         
          Delta Eig. =  3322.6547345322 eV 
 
                                              current damping :  0.250
 ITERATION  ENERGY          1e-ENERGY        2e-ENERGY     RMS[dD(SAO)]   TOL
   2  -40.448987379681    -80.084370404     26.147227166    0.266D-02 0.115D-10
                            Exc =    -6.813460903099     N = 10.000000409    
          Norm of current diis error: 0.53648    
          max. resid. norm for Fia-block=  7.164D-02 for orbital      2a         
          max. resid. fock norm         =  1.067D-01 for orbital     55a         
          Delta Eig. =   797.5011838431 eV 
 
                                              current damping :  0.200
 ITERATION  ENERGY          1e-ENERGY        2e-ENERGY     RMS[dD(SAO)]   TOL
   3  -40.461053944323    -79.700754516     25.751544714    0.110D-02 0.980D-11
                            Exc =    -6.798824885448     N = 10.000000366    
          Norm of current diis error: 0.22898    
          max. resid. norm for Fia-block=  1.508D-02 for orbital      2a         
          max. resid. fock norm         =  1.648D-02 for orbital      6a         
          Delta Eig. =   166.1215812534 eV 
 
                                              current damping :  0.250
 ITERATION  ENERGY          1e-ENERGY        2e-ENERGY     RMS[dD(SAO)]   TOL
   4  -40.463135442360    -79.971422291     26.020130991    0.307D-03 0.891D-11
                            Exc =    -6.837105130448     N = 10.000000355    
          Norm of current diis error: 0.24817E-01
          max. resid. norm for Fia-block=  2.100D-03 for orbital      1a         
          max. resid. fock norm         =  4.095D-03 for orbital    103a         
          Delta Eig. =    26.5694667794 eV 
 
                                              current damping :  0.300
 ITERATION  ENERGY          1e-ENERGY        2e-ENERGY     RMS[dD(SAO)]   TOL
   5  -40.463157039756    -79.952416359     26.001103461    0.384D-04 0.845D-11
                            Exc =    -6.835149183860     N = 10.000000354    
          Norm of current diis error: 0.28799E-02
          max. resid. norm for Fia-block=  4.213D-04 for orbital      1a         
          max. resid. fock norm         =  7.217D-04 for orbital     19a         
 mo-orthogonalization: Cholesky decomposition
          Delta Eig. =     5.1127042156 eV 
 
                                              current damping :  0.150
 ITERATION  ENERGY          1e-ENERGY        2e-ENERGY     RMS[dD(SAO)]   TOL
   6  -40.463157459797    -79.951510593     26.000197275    0.639D-05 0.798D-11
                            Exc =    -6.835140321939     N = 10.000000354    
          Norm of current diis error: 0.67337E-03
          max. resid. norm for Fia-block=  9.683D-05 for orbital      1a         
          max. resid. fock norm         =  2.167D-04 for orbital    163a         
          Delta Eig. =     1.3355069241 eV 
 
                                              current damping :  0.100
 ITERATION  ENERGY          1e-ENERGY        2e-ENERGY     RMS[dD(SAO)]   TOL
   7  -40.463157484300    -79.951275530     25.999962188    0.184D-05 0.755D-11
                            Exc =    -6.835139830838     N = 10.000000354    
          Norm of current diis error: 0.10031E-03
          max. resid. norm for Fia-block=  1.259D-05 for orbital      1a         
          max. resid. fock norm         =  3.617D-05 for orbital    163a         
          Delta Eig. =     0.1822689886 eV 

 ENERGY & DENSITY CONVERGED !

 
                                              current damping :  0.100
 ITERATION  ENERGY          1e-ENERGY        2e-ENERGY     RMS[dD(SAO)]   TOL
   8  -40.463157484781    -79.951243488     25.999930145    0.287D-06 0.738D-11
                            Exc =    -6.835138143938     N = 10.000000354    
          max. resid. norm for Fia-block=  3.671D-06 for orbital      5a         
          max. resid. fock norm         =  5.388D-06 for orbital    163a         

 convergence criteria satisfied after     8 iterations


                  ------------------------------------------ 
                 |  total energy      =    -40.46315748478  |
                  ------------------------------------------ 
                 :  kinetic energy    =     40.19755023555  :
                 :  potential energy  =    -80.66070772033  :
                 :  virial theorem    =      1.99343582494  :
                 :  wavefunction norm =      1.00000000000  :
                  .......................................... 


 orbitals $scfmo  will be written to file mos

    irrep                  1a          2a          3a          4a          5a   
 eigenvalues H         -9.86293    -0.62745    -0.34732    -0.34732    -0.34654
            eV        -268.3860    -17.0739     -9.4512     -9.4512     -9.4299
 occupation              2.0000      2.0000      2.0000      2.0000      2.0000

    irrep                  6a          7a          8a          9a         10a   
 eigenvalues H          0.02894     0.10190     0.10190     0.10333     0.13645
            eV           0.7875      2.7729      2.7730      2.8118      3.7129
 
 
 
 
 ==============================================================================
                           electrostatic moments
 ==============================================================================

 reference point for electrostatic moments:    0.00000   0.00000   0.00000

 
              nuc           elec       ->  total
 ------------------------------------------------------------------------------
                          charge      
 ------------------------------------------------------------------------------
          10.000000     -10.000000       0.000000
 
 ------------------------------------------------------------------------------
                       dipole moment  
 ------------------------------------------------------------------------------
   x      -0.540670       0.542462       0.001792
   y      -5.738586       5.740521       0.001935
   z      -0.829100       0.829878       0.000777
 
   | dipole moment | =     0.0027 a.u. =     0.0070 debye 
 
 ------------------------------------------------------------------------------
                     quadrupole moment
 ------------------------------------------------------------------------------
  xx       5.638445     -11.928798      -6.290353
  yy       8.899588     -15.193464      -6.293876
  zz       5.691669     -11.974543      -6.282874
  xy       0.291988      -0.302992      -0.011004
  xz       0.037453      -0.041621      -0.004168
  yz       0.467866      -0.472752      -0.004887
 
     1/3  trace=      -6.289034
     anisotropy=       0.024119
 
 ==============================================================================
 
HOMO-LUMO Separation
 HOMO         :   -0.34653836 H =     -9.42979 eV
 LUMO         :    0.02894033 H =     +0.78751 eV
 HOMO-LUMO gap:    0.37547868 H =    +10.21730 eV
 
 ==============================================================================


    ------------------------------------------------------------------------
         total  cpu-time :  1 minutes and 17 seconds
         total wall-time :   4.40 seconds
    ------------------------------------------------------------------------

   ****  dscf : all done  ****


    2020-08-03 14:02:10.979 

